// Jest Snapshot v1, https://goo.gl/fbAQLP

exports[`Footer module matches snapshot 1`] = `
<DocumentFragment>
  <footer
    class="moduleStyles__FooterWrapper-sc-187oehp-3 hAXTKZ"
  >
    <div
      class="footer"
      role="contentinfo"
    >
      <div
        class="inner-content"
      >
        <div
          class="copyright"
        >
          Â©2022 Darren Sweeney
        </div>
      </div>
    </div>
  </footer>
</DocumentFragment>
`;
