// Jest Snapshot v1, https://goo.gl/fbAQLP

exports[`HomePageBlock component matches snapshot 1`] = `
<DocumentFragment>
  <div
    class="homepage-block"
  >
    <a
      class="link"
      href="/link/path"
    >
      <div>
        <div
          class="card-image"
        >
          <img
            alt=""
            class="img-responsive"
            src="/image/path"
          />
        </div>
        <div
          class="link-holder"
        >
          <i
            aria-hidden="true"
            class="icon-class"
          />
          myTitle
        </div>
      </div>
    </a>
  </div>
</DocumentFragment>
`;
